<?xml version="1.0" encoding="UTF-8"?>
<testsuites>
  <testsuite name="Tests\Feature\LeadTest" file="C:\Users\parma\Downloads\EasyFinanceCRM-Hostinger (1)\EasyFinanceCRM\backend\tests\Feature\LeadTest.php" tests="3" assertions="6" errors="0" failures="0" skipped="0" time="10.688314">
    <testcase name="test_admin_can_list_all_leads" file="C:\Users\parma\Downloads\EasyFinanceCRM-Hostinger (1)\EasyFinanceCRM\backend\tests\Feature\LeadTest.php" line="14" class="Tests\Feature\LeadTest" classname="Tests.Feature.LeadTest" assertions="2" time="9.731929">
      <system-out>        </system-out>
    </testcase>
    <testcase name="test_staff_can_only_see_assigned_leads" file="C:\Users\parma\Downloads\EasyFinanceCRM-Hostinger (1)\EasyFinanceCRM\backend\tests\Feature\LeadTest.php" line="26" class="Tests\Feature\LeadTest" classname="Tests.Feature.LeadTest" assertions="2" time="0.015438"/>
    <testcase name="test_can_create_lead" file="C:\Users\parma\Downloads\EasyFinanceCRM-Hostinger (1)\EasyFinanceCRM\backend\tests\Feature\LeadTest.php" line="41" class="Tests\Feature\LeadTest" classname="Tests.Feature.LeadTest" assertions="2" time="0.940947"/>
  </testsuite>
</testsuites>
